// Vitest Snapshot v1, https://vitest.dev/guide/snapshot.html

exports[`Footer Component > matches snapshot 1`] = `
<div>
  <style
    data-mantine-styles="true"
  >
    




  </style>
  <style
    data-mantine-styles="classes"
  >
    @media (max-width: 35.99375em) {.mantine-visible-from-xs {display: none !important;}}@media (min-width: 36em) {.mantine-hidden-from-xs {display: none !important;}}@media (max-width: 47.99375em) {.mantine-visible-from-sm {display: none !important;}}@media (min-width: 48em) {.mantine-hidden-from-sm {display: none !important;}}@media (max-width: 61.99375em) {.mantine-visible-from-md {display: none !important;}}@media (min-width: 62em) {.mantine-hidden-from-md {display: none !important;}}@media (max-width: 74.99375em) {.mantine-visible-from-lg {display: none !important;}}@media (min-width: 75em) {.mantine-hidden-from-lg {display: none !important;}}@media (max-width: 87.99375em) {.mantine-visible-from-xl {display: none !important;}}@media (min-width: 88em) {.mantine-hidden-from-xl {display: none !important;}}
  </style>
  <footer
    class=""
    style="border-top: 1px solid rgb(83, 52, 131); margin-top: var(--mantine-spacing-xl); padding-block: var(--mantine-spacing-md);"
  >
    <p
      class="mantine-focus-auto m_b6d8b162 mantine-Text-root"
      data-size="sm"
      style="--text-fz: var(--mantine-font-size-sm); --text-lh: var(--mantine-line-height-sm); color: var(--mantine-color-gray-5); text-align: center;"
    >
      © 2026 · Built by Marlon Ilao · Made with ❤️ for The Odin Project using the PokéAPI
    </p>
  </footer>
</div>
`;
